Dry-run gerado em 2026-07-20T12:06:17.472591
Paths verificados: ['G:\\\\Meu Drive', 'C:\\\\Users\\\\ejosi\\\\Downloads']
Filtro --since: 2026-07-01
Total encontrado: 65

C:\\Users\\ejosi\\Downloads -> C:\\Users\\ejosi\\Downloads\1d147dd9-a7d7-4df6-811c-2d7d97ffc112_97521225000125-IFP15062026V01-001221760 (2).pdf
C:\\Users\\ejosi\\Downloads -> C:\\Users\\ejosi\\Downloads\239abf1f-2907-46fc-9787-e68fd106a95f_97521225000125-IFP15072026V01-001250448.pdf
C:\\Users\\ejosi\\Downloads -> C:\\Users\\ejosi\\Downloads\4bd3b2ef-3883-4b45-a9e0-3d344ef892c9_97521225000125-FRV01072026V01-001236643.pdf
C:\\Users\\ejosi\\Downloads -> C:\\Users\\ejosi\\Downloads\bb cartao ame cancelado.png
C:\\Users\\ejosi\\Downloads -> C:\\Users\\ejosi\\Downloads\bb cartao ame.jpg
C:\\Users\\ejosi\\Downloads -> C:\\Users\\ejosi\\Downloads\bb cartao americanas.png
C:\\Users\\ejosi\\Downloads -> C:\\Users\\ejosi\\Downloads\bb cartao saraiva cancelado.jpeg
C:\\Users\\ejosi\\Downloads -> C:\\Users\\ejosi\\Downloads\BB Extrato de contas maio.pdf
C:\\Users\\ejosi\\Downloads -> C:\\Users\\ejosi\\Downloads\BB VISA md (3).pdf
C:\\Users\\ejosi\\Downloads -> C:\\Users\\ejosi\\Downloads\BB VISA md 4.pdf
C:\\Users\\ejosi\\Downloads -> C:\\Users\\ejosi\\Downloads\Captura de tela_2-7-2026_94739_www2.bb.com.br.jpeg
C:\\Users\\ejosi\\Downloads -> C:\\Users\\ejosi\\Downloads\CMIG4 - Eventos para MD.xlsx
C:\\Users\\ejosi\\Downloads -> C:\\Users\\ejosi\\Downloads\contracheque_02-07-2026_09-00.pdf
C:\\Users\\ejosi\\Downloads -> C:\\Users\\ejosi\\Downloads\Converse com o Serviço de Atendimento ao Cliente da Amazon_ - web continental splits.png
C:\\Users\\ejosi\\Downloads -> C:\\Users\\ejosi\\Downloads\Gmail - Juros dos títulos do Tesouro Direto.pdf
C:\\Users\\ejosi\\Downloads -> C:\\Users\\ejosi\\Downloads\inf estrut mensal.pdf
C:\\Users\\ejosi\\Downloads -> C:\\Users\\ejosi\\Downloads\informes 06 26.pdf
C:\\Users\\ejosi\\Downloads -> C:\\Users\\ejosi\\Downloads\Instalar_Desbloqueador_Win11.bat
C:\\Users\\ejosi\\Downloads -> C:\\Users\\ejosi\\Downloads\itau extrato-lancamentos maio.pdf
C:\\Users\\ejosi\\Downloads -> C:\\Users\\ejosi\\Downloads\JURO11_RelatorioMensal.pdf
C:\\Users\\ejosi\\Downloads -> C:\\Users\\ejosi\\Downloads\JURO11_RelatorioMensal_2026_06.pdf
C:\\Users\\ejosi\\Downloads -> C:\\Users\\ejosi\\Downloads\Mensagens - [www.amazon.com.br] ar condicionado ofertando reparação de 400 reais.png
C:\\Users\\ejosi\\Downloads -> C:\\Users\\ejosi\\Downloads\Meu_Dinheiro_Operacoes20260710064915.csv
C:\\Users\\ejosi\\Downloads -> C:\\Users\\ejosi\\Downloads\Meu_Dinheiro_Operacoes20260710073265.csv
C:\\Users\\ejosi\\Downloads -> C:\\Users\\ejosi\\Downloads\Meu_Dinheiro_Operacoes20260710075211.csv
C:\\Users\\ejosi\\Downloads -> C:\\Users\\ejosi\\Downloads\Meu_Dinheiro_Operacoes20260710075854.csv
C:\\Users\\ejosi\\Downloads -> C:\\Users\\ejosi\\Downloads\Meu_Dinheiro_Operacoes20260710091172.csv
C:\\Users\\ejosi\\Downloads -> C:\\Users\\ejosi\\Downloads\Microsoft.Services.Store.winmd
C:\\Users\\ejosi\\Downloads -> C:\\Users\\ejosi\\Downloads\opa isa ceteep.png
C:\\Users\\ejosi\\Downloads -> C:\\Users\\ejosi\\Downloads\OUROCARD_VISA_INFINITE-Jul_26.pdf
C:\\Users\\ejosi\\Downloads -> C:\\Users\\ejosi\\Downloads\OUROCARD_VISA_INFINITE-Próxima_Fatura.ofx
C:\\Users\\ejosi\\Downloads -> C:\\Users\\ejosi\\Downloads\OUROCARD_VISA_INFINITE-Próxima_Fatura.txt
C:\\Users\\ejosi\\Downloads -> C:\\Users\\ejosi\\Downloads\pix amazon bb ar.pdf
C:\\Users\\ejosi\\Downloads -> C:\\Users\\ejosi\\Downloads\Planilha de Fundamentos.xlsx
C:\\Users\\ejosi\\Downloads -> C:\\Users\\ejosi\\Downloads\Planilha de Fundamentos2.xlsx
C:\\Users\\ejosi\\Downloads -> C:\\Users\\ejosi\\Downloads\Projeto Maraca - Fato Relevante - 06.07.2026.pdf
C:\\Users\\ejosi\\Downloads -> C:\\Users\\ejosi\\Downloads\relatorio-consolidado-anual-2023.xlsx
C:\\Users\\ejosi\\Downloads -> C:\\Users\\ejosi\\Downloads\relatorio-consolidado-anual-2024.xlsx
C:\\Users\\ejosi\\Downloads -> C:\\Users\\ejosi\\Downloads\relatorio-consolidado-anual-2025 (1).xlsx
C:\\Users\\ejosi\\Downloads -> C:\\Users\\ejosi\\Downloads\relatorio-consolidado-anual-2025.pdf
C:\\Users\\ejosi\\Downloads -> C:\\Users\\ejosi\\Downloads\relatorio-consolidado-anual-2025.xlsx
C:\\Users\\ejosi\\Downloads -> C:\\Users\\ejosi\\Downloads\relatorio-consolidado-mensal-2026-junho (1).xlsx
C:\\Users\\ejosi\\Downloads -> C:\\Users\\ejosi\\Downloads\relatorio-consolidado-mensal-2026-junho (2).xlsx
C:\\Users\\ejosi\\Downloads -> C:\\Users\\ejosi\\Downloads\relatorio-consolidado-mensal-2026-junho.pdf
C:\\Users\\ejosi\\Downloads -> C:\\Users\\ejosi\\Downloads\relatorio-consolidado-mensal-2026-junho.xlsx
C:\\Users\\ejosi\\Downloads -> C:\\Users\\ejosi\\Downloads\resumo-consolidado-notebook-conciliação_de _contas.md
C:\\Users\\ejosi\\Downloads -> C:\\Users\\ejosi\\Downloads\Tarifario2026.pdf
C:\\Users\\ejosi\\Downloads -> C:\\Users\\ejosi\\Downloads\Trend INB FIC RF Simples RL.pdf
C:\\Users\\ejosi\\Downloads -> C:\\Users\\ejosi\\Downloads\build\.vscode\settings.json
C:\\Users\\ejosi\\Downloads -> C:\\Users\\ejosi\\Downloads\build\build\Desbloquear_Drive\Analysis-00.toc
C:\\Users\\ejosi\\Downloads -> C:\\Users\\ejosi\\Downloads\build\build\Desbloquear_Drive\base_library.zip
C:\\Users\\ejosi\\Downloads -> C:\\Users\\ejosi\\Downloads\build\build\Desbloquear_Drive\Desbloquear_Drive.pkg
C:\\Users\\ejosi\\Downloads -> C:\\Users\\ejosi\\Downloads\build\build\Desbloquear_Drive\EXE-00.toc
C:\\Users\\ejosi\\Downloads -> C:\\Users\\ejosi\\Downloads\build\build\Desbloquear_Drive\PKG-00.toc
C:\\Users\\ejosi\\Downloads -> C:\\Users\\ejosi\\Downloads\build\build\Desbloquear_Drive\PYZ-00.pyz
C:\\Users\\ejosi\\Downloads -> C:\\Users\\ejosi\\Downloads\build\build\Desbloquear_Drive\PYZ-00.toc
C:\\Users\\ejosi\\Downloads -> C:\\Users\\ejosi\\Downloads\build\build\Desbloquear_Drive\warn-Desbloquear_Drive.txt
C:\\Users\\ejosi\\Downloads -> C:\\Users\\ejosi\\Downloads\build\build\Desbloquear_Drive\xref-Desbloquear_Drive.html
C:\\Users\\ejosi\\Downloads -> C:\\Users\\ejosi\\Downloads\build\build\Desbloquear_Drive\localpycs\pyimod01_archive.pyc
C:\\Users\\ejosi\\Downloads -> C:\\Users\\ejosi\\Downloads\build\build\Desbloquear_Drive\localpycs\pyimod02_importers.pyc
C:\\Users\\ejosi\\Downloads -> C:\\Users\\ejosi\\Downloads\build\build\Desbloquear_Drive\localpycs\pyimod03_ctypes.pyc
C:\\Users\\ejosi\\Downloads -> C:\\Users\\ejosi\\Downloads\build\build\Desbloquear_Drive\localpycs\pyimod04_pywin32.pyc
C:\\Users\\ejosi\\Downloads -> C:\\Users\\ejosi\\Downloads\build\build\Desbloquear_Drive\localpycs\struct.pyc
C:\\Users\\ejosi\\Downloads -> C:\\Users\\ejosi\\Downloads\build\dist\Desbloquear_Drive.exe
C:\\Users\\ejosi\\Downloads -> C:\\Users\\ejosi\\Downloads\FireShot\cancelameto entrega s25.png
